current directory: /Users/nishantbalepur/Desktop/Repositories/rudinger.github.io/vendor/bundle/ruby/3.3.0/gems/json-2.13.2/ext/json/ext/parser
/Users/nishantbalepur/.rbenv/versions/3.3.0/bin/ruby extconf.rb
checking for rb_enc_interned_str() in ruby/encoding.h... yes
checking for rb_hash_new_capa() in ruby.h... yes
checking for rb_hash_bulk_insert() in ruby.h... yes
checking for strnlen() in string.h... yes
checking for whether -std=c99 is accepted as CFLAGS... yes
checking for arm_neon.h... yes
checking for cpuid.h... no
creating Makefile

current directory: /Users/nishantbalepur/Desktop/Repositories/rudinger.github.io/vendor/bundle/ruby/3.3.0/gems/json-2.13.2/ext/json/ext/parser
make DESTDIR\= sitearchdir\=./.gem.20260423-33263-lv19o4 sitelibdir\=./.gem.20260423-33263-lv19o4 clean

current directory: /Users/nishantbalepur/Desktop/Repositories/rudinger.github.io/vendor/bundle/ruby/3.3.0/gems/json-2.13.2/ext/json/ext/parser
make DESTDIR\= sitearchdir\=./.gem.20260423-33263-lv19o4 sitelibdir\=./.gem.20260423-33263-lv19o4
compiling parser.c
linking shared-object json/ext/parser.bundle

current directory: /Users/nishantbalepur/Desktop/Repositories/rudinger.github.io/vendor/bundle/ruby/3.3.0/gems/json-2.13.2/ext/json/ext/parser
make DESTDIR\= sitearchdir\=./.gem.20260423-33263-lv19o4 sitelibdir\=./.gem.20260423-33263-lv19o4 install
/opt/homebrew/bin/ginstall -c -m 0755 parser.bundle ./.gem.20260423-33263-lv19o4/json/ext

current directory: /Users/nishantbalepur/Desktop/Repositories/rudinger.github.io/vendor/bundle/ruby/3.3.0/gems/json-2.13.2/ext/json/ext/parser
make DESTDIR\= sitearchdir\=./.gem.20260423-33263-lv19o4 sitelibdir\=./.gem.20260423-33263-lv19o4 clean
